------------------------------------------------------------
TimeQuest Timing Analyzer Summary
------------------------------------------------------------

Type  : Slow 1100mV 100C Model Setup 'clk'
Slack : 17.156
TNS   : 0.000

Type  : Slow 1100mV 100C Model Hold 'clk'
Slack : 0.436
TNS   : 0.000

Type  : Slow 1100mV 100C Model Minimum Pulse Width 'clk'
Slack : 9.198
TNS   : 0.000

Type  : Slow 1100mV -40C Model Setup 'clk'
Slack : 16.888
TNS   : 0.000

Type  : Slow 1100mV -40C Model Hold 'clk'
Slack : 0.455
TNS   : 0.000

Type  : Slow 1100mV -40C Model Minimum Pulse Width 'clk'
Slack : 9.311
TNS   : 0.000

Type  : Fast 1100mV 100C Model Setup 'clk'
Slack : 18.643
TNS   : 0.000

Type  : Fast 1100mV 100C Model Hold 'clk'
Slack : 0.188
TNS   : 0.000

Type  : Fast 1100mV 100C Model Minimum Pulse Width 'clk'
Slack : 9.112
TNS   : 0.000

Type  : Fast 1100mV -40C Model Setup 'clk'
Slack : 18.677
TNS   : 0.000

Type  : Fast 1100mV -40C Model Hold 'clk'
Slack : 0.174
TNS   : 0.000

Type  : Fast 1100mV -40C Model Minimum Pulse Width 'clk'
Slack : 9.052
TNS   : 0.000

------------------------------------------------------------
